
Discarded input sections

 .text          0x00000000        0x0 /tmp/cciSoy7q.o
 .data          0x00000000        0x0 /tmp/cciSoy7q.o
 .bss           0x00000000        0x0 /tmp/cciSoy7q.o

Memory Configuration

Name             Origin             Length             Attributes
RAM              0x20000000         0x00001800         xrw
FLASH            0x08000000         0x00008000         xr
*default*        0x00000000         0xffffffff

Linker script and memory map

LOAD /tmp/cciSoy7q.o
                0x20001800                        _end_of_stack = (ORIGIN (RAM) + LENGTH (RAM))

.isr_vector     0x08000000       0x30
 *(.isr_vector)
 .isr_vector    0x08000000       0x30 /tmp/cciSoy7q.o

.text           0x08000030       0x24
 *(.text)
 *(.text*)
 .text.isr_handlers
                0x08000030        0xa /tmp/cciSoy7q.o
                0x08000030                Reset_Handler
 .text.main     0x0800003a       0x1a /tmp/cciSoy7q.o

.glue_7         0x08000054        0x0
 .glue_7        0x08000054        0x0 linker stubs

.glue_7t        0x08000054        0x0
 .glue_7t       0x08000054        0x0 linker stubs

.vfp11_veneer   0x08000054        0x0
 .vfp11_veneer  0x08000054        0x0 linker stubs

.v4_bx          0x08000054        0x0
 .v4_bx         0x08000054        0x0 linker stubs

.iplt           0x08000054        0x0
 .iplt          0x08000054        0x0 /tmp/cciSoy7q.o

.rel.dyn        0x08000054        0x0
 .rel.iplt      0x08000054        0x0 /tmp/cciSoy7q.o

.rodata
 *(.rodata)
 *(.rodata*)

.data           0x20000000        0x0 load address 0x08000054
                0x20000000                        _start_of_data = .
 *(.data)
 *(.data*)
                0x20000000                        _end_of_data = .

.igot.plt       0x20000000        0x0 load address 0x08000054
 .igot.plt      0x20000000        0x0 /tmp/cciSoy7q.o

.bss            0x20000000        0x0 load address 0x08000054
                0x20000000                        _start_of_bss = .
 *(.bss)
 *(.bss*)
                0x20000000                        _end_of_bss = .
OUTPUT(Assembly/Stack_Alignment.elf elf32-littlearm)
LOAD linker stubs

.ARM.attributes
                0x00000000       0x1c
 .ARM.attributes
                0x00000000       0x1c /tmp/cciSoy7q.o

.debug_line     0x00000000       0x64
 .debug_line    0x00000000       0x64 /tmp/cciSoy7q.o

.debug_line_str
                0x00000000       0x94
 .debug_line_str
                0x00000000       0x94 /tmp/cciSoy7q.o

.debug_info     0x00000000       0x23
 .debug_info    0x00000000       0x23 /tmp/cciSoy7q.o

.debug_abbrev   0x00000000       0x12
 .debug_abbrev  0x00000000       0x12 /tmp/cciSoy7q.o

.debug_aranges  0x00000000       0x28
 .debug_aranges
                0x00000000       0x28 /tmp/cciSoy7q.o

.debug_str      0x00000000       0xa0
 .debug_str     0x00000000       0xa0 /tmp/cciSoy7q.o

.debug_rnglists
                0x00000000       0x19
 .debug_rnglists
                0x00000000       0x19 /tmp/cciSoy7q.o
