Archive member included to satisfy reference by file (symbol)

/usr/lib/gcc/arm-none-eabi/13.2.1/../../../arm-none-eabi/lib/thumb/v6-m/nofp/libc.a(libc_a-errno.o)
                              /tmp/cc1h2xe8.o (__errno)
/usr/lib/gcc/arm-none-eabi/13.2.1/../../../arm-none-eabi/lib/thumb/v6-m/nofp/libc.a(libc_a-impure.o)
                              /usr/lib/gcc/arm-none-eabi/13.2.1/../../../arm-none-eabi/lib/thumb/v6-m/nofp/libc.a(libc_a-errno.o) (_impure_ptr)
/usr/lib/gcc/arm-none-eabi/13.2.1/../../../arm-none-eabi/lib/thumb/v6-m/nofp/libc.a(libc_a-findfp.o)
                              /usr/lib/gcc/arm-none-eabi/13.2.1/../../../arm-none-eabi/lib/thumb/v6-m/nofp/libc.a(libc_a-impure.o) (__sf)
/usr/lib/gcc/arm-none-eabi/13.2.1/../../../arm-none-eabi/lib/thumb/v6-m/nofp/libc.a(libc_a-printf.o)
                              /tmp/cc3bdIny.o (printf)
/usr/lib/gcc/arm-none-eabi/13.2.1/../../../arm-none-eabi/lib/thumb/v6-m/nofp/libc.a(libc_a-memset.o)
                              /usr/lib/gcc/arm-none-eabi/13.2.1/../../../arm-none-eabi/lib/thumb/v6-m/nofp/libc.a(libc_a-findfp.o) (memset)
/usr/lib/gcc/arm-none-eabi/13.2.1/../../../arm-none-eabi/lib/thumb/v6-m/nofp/libc.a(libc_a-fwalk.o)
                              /usr/lib/gcc/arm-none-eabi/13.2.1/../../../arm-none-eabi/lib/thumb/v6-m/nofp/libc.a(libc_a-findfp.o) (_fwalk_sglue)
/usr/lib/gcc/arm-none-eabi/13.2.1/../../../arm-none-eabi/lib/thumb/v6-m/nofp/libc.a(libc_a-vfprintf.o)
                              /usr/lib/gcc/arm-none-eabi/13.2.1/../../../arm-none-eabi/lib/thumb/v6-m/nofp/libc.a(libc_a-printf.o) (_vfprintf_r)
/usr/lib/gcc/arm-none-eabi/13.2.1/../../../arm-none-eabi/lib/thumb/v6-m/nofp/libc.a(libc_a-fflush.o)
                              /usr/lib/gcc/arm-none-eabi/13.2.1/../../../arm-none-eabi/lib/thumb/v6-m/nofp/libc.a(libc_a-vfprintf.o) (_fflush_r)
/usr/lib/gcc/arm-none-eabi/13.2.1/../../../arm-none-eabi/lib/thumb/v6-m/nofp/libc.a(libc_a-mallocr.o)
                              /usr/lib/gcc/arm-none-eabi/13.2.1/../../../arm-none-eabi/lib/thumb/v6-m/nofp/libc.a(libc_a-findfp.o) (_malloc_r)
/usr/lib/gcc/arm-none-eabi/13.2.1/../../../arm-none-eabi/lib/thumb/v6-m/nofp/libc.a(libc_a-dtoa.o)
                              /usr/lib/gcc/arm-none-eabi/13.2.1/../../../arm-none-eabi/lib/thumb/v6-m/nofp/libc.a(libc_a-vfprintf.o) (_dtoa_r)
/usr/lib/gcc/arm-none-eabi/13.2.1/../../../arm-none-eabi/lib/thumb/v6-m/nofp/libc.a(libc_a-wsetup.o)
                              /usr/lib/gcc/arm-none-eabi/13.2.1/../../../arm-none-eabi/lib/thumb/v6-m/nofp/libc.a(libc_a-vfprintf.o) (__swsetup_r)
/usr/lib/gcc/arm-none-eabi/13.2.1/../../../arm-none-eabi/lib/thumb/v6-m/nofp/libc.a(libc_a-freer.o)
                              /usr/lib/gcc/arm-none-eabi/13.2.1/../../../arm-none-eabi/lib/thumb/v6-m/nofp/libc.a(libc_a-fflush.o) (_free_r)
/usr/lib/gcc/arm-none-eabi/13.2.1/../../../arm-none-eabi/lib/thumb/v6-m/nofp/libc.a(libc_a-fclose.o)
                              /usr/lib/gcc/arm-none-eabi/13.2.1/../../../arm-none-eabi/lib/thumb/v6-m/nofp/libc.a(libc_a-findfp.o) (_fclose_r)
/usr/lib/gcc/arm-none-eabi/13.2.1/../../../arm-none-eabi/lib/thumb/v6-m/nofp/libc.a(libc_a-sysconf.o)
                              /usr/lib/gcc/arm-none-eabi/13.2.1/../../../arm-none-eabi/lib/thumb/v6-m/nofp/libc.a(libc_a-mallocr.o) (sysconf)
/usr/lib/gcc/arm-none-eabi/13.2.1/../../../arm-none-eabi/lib/thumb/v6-m/nofp/libc.a(libc_a-stdio.o)
                              /usr/lib/gcc/arm-none-eabi/13.2.1/../../../arm-none-eabi/lib/thumb/v6-m/nofp/libc.a(libc_a-findfp.o) (__sread)
/usr/lib/gcc/arm-none-eabi/13.2.1/../../../arm-none-eabi/lib/thumb/v6-m/nofp/libc.a(libc_a-writer.o)
                              /usr/lib/gcc/arm-none-eabi/13.2.1/../../../arm-none-eabi/lib/thumb/v6-m/nofp/libc.a(libc_a-stdio.o) (_write_r)
/usr/lib/gcc/arm-none-eabi/13.2.1/../../../arm-none-eabi/lib/thumb/v6-m/nofp/libc.a(libc_a-mlock.o)
                              /usr/lib/gcc/arm-none-eabi/13.2.1/../../../arm-none-eabi/lib/thumb/v6-m/nofp/libc.a(libc_a-mallocr.o) (__malloc_lock)
/usr/lib/gcc/arm-none-eabi/13.2.1/../../../arm-none-eabi/lib/thumb/v6-m/nofp/libc.a(libc_a-strlen-stub.o)
                              /usr/lib/gcc/arm-none-eabi/13.2.1/../../../arm-none-eabi/lib/thumb/v6-m/nofp/libc.a(libc_a-vfprintf.o) (strlen)
/usr/lib/gcc/arm-none-eabi/13.2.1/../../../arm-none-eabi/lib/thumb/v6-m/nofp/libc.a(libc_a-sbrkr.o)
                              /usr/lib/gcc/arm-none-eabi/13.2.1/../../../arm-none-eabi/lib/thumb/v6-m/nofp/libc.a(libc_a-mallocr.o) (_sbrk_r)
/usr/lib/gcc/arm-none-eabi/13.2.1/../../../arm-none-eabi/lib/thumb/v6-m/nofp/libc.a(libc_a-closer.o)
                              /usr/lib/gcc/arm-none-eabi/13.2.1/../../../arm-none-eabi/lib/thumb/v6-m/nofp/libc.a(libc_a-stdio.o) (_close_r)
/usr/lib/gcc/arm-none-eabi/13.2.1/../../../arm-none-eabi/lib/thumb/v6-m/nofp/libc.a(libc_a-sprint_r.o)
[...]
Memory Configuration

Name             Origin             Length             Attributes
RAM              0x20000000         0x00001800         xrw
FLASH            0x08000000         0x00008000         xr
*default*        0x00000000         0xffffffff

Linker script and memory map

START GROUP
LOAD /usr/lib/gcc/arm-none-eabi/13.2.1/../../../arm-none-eabi/lib/thumb/v6-m/nofp/libc_nano.a
LOAD /usr/lib/gcc/arm-none-eabi/13.2.1/../../../arm-none-eabi/lib/thumb/v6-m/nofp/libm.a
END GROUP
LOAD /tmp/cc3bdIny.o
LOAD /tmp/ccwhyIhN.o
LOAD /tmp/ccubtuG9.o
LOAD /tmp/cc5mLwho.o
LOAD /tmp/cc1h2xe8.o
LOAD /tmp/ccvuhzoV.o
LOAD /tmp/ccCI2awl.o
LOAD /tmp/cci19hQT.o
LOAD /tmp/ccWVIabA.o
LOAD /tmp/ccDo5pGx.o
LOAD /tmp/ccXdEFUH.o
LOAD /tmp/ccyaNzlE.o
LOAD /tmp/cc2DSaiP.o
LOAD /tmp/ccuUD95K.o
LOAD /tmp/cclL4ftB.o
                0x20001800                        _estack = (ORIGIN (RAM) + LENGTH (RAM))
                0x00000200                        _Min_Heap_Size = 0x200
                0x00000400                        _Min_Stack_Size = 0x400

.isr_vector     0x08000000       0xc0
                0x08000000                        . = ALIGN (0x4)
 *(.isr_vector)
 .isr_vector    0x08000000       0xc0 /tmp/ccubtuG9.o
                0x080000c0                        . = ALIGN (0x4)

.text           0x080000c0     0xe37c
                0x080000c0                        . = ALIGN (0x4)
 *(.text)
 .text          0x080000c0       0x34 /tmp/cc3bdIny.o
                0x080000c0                __io_putchar
                0x080000dc                HAL_TIM_IC_CaptureCallback
 .text          0x080000f4       0xf4 /tmp/ccwhyIhN.o
                0x080000f4                TIM2_IRQHandler
                0x08000104                Peripheral_Init
 .text          0x080001e8        0xa /tmp/cc5mLwho.o
                0x080001e8                SystemInit
                0x080001ea                SysTick_Handler
 *fill*         0x080001f2        0x2 
 .text          0x080001f4      0x11c /tmp/cc1h2xe8.o
                0x080001f4                _sbrk
                0x08000238                _getpid
                0x0800023c                _kill
                0x0800024c                _exit
                0x08000258                _read
                0x08000272                _write
                0x0800028c                _close
                0x08000292                _fstat
                0x0800029c                _isatty
                0x080002a0                _lseek
                0x080002a4                _open
                0x080002ae                _wait
                0x080002be                _unlink
                0x080002ce                _times
                0x080002d4                _stat
                0x080002de                _link
                0x080002ee                _fork
                0x080002fe                _execve
 .text          0x08000310      0x1b8 /tmp/ccvuhzoV.o
                0x08000310                HAL_MspInit
                0x08000312                HAL_MspDeInit
                0x08000314                HAL_DeInit
                0x08000338                HAL_InitTick
                0x0800037c                HAL_Init
                0x0800039c                HAL_IncTick
                0x080003b4                HAL_GetTick
                0x080003c0                HAL_GetTickPrio
                0x080003cc                HAL_SetTickFreq
                0x080003f0                HAL_GetTickFreq
                0x080003fc                HAL_Delay
                0x08000420                HAL_SuspendTick
                0x08000430                HAL_ResumeTick
                0x08000440                HAL_GetHalVersion
                0x08000448                HAL_GetREVID
                0x08000454                HAL_GetDEVID
                0x08000464                HAL_GetUIDw0
                0x08000470                HAL_GetUIDw1
                0x0800047c                HAL_GetUIDw2
                0x08000488                HAL_DBGMCU_EnableDBGStopMode
                0x08000498                HAL_DBGMCU_DisableDBGStopMode
                0x080004a8                HAL_DBGMCU_EnableDBGStandbyMode
                0x080004b8                HAL_DBGMCU_DisableDBGStandbyMode
 .text          0x080004c8      0x190 /tmp/ccCI2awl.o
                0x080004c8                HAL_NVIC_SetPriority
                0x0800051c                HAL_NVIC_EnableIRQ
                0x08000534                HAL_NVIC_DisableIRQ
                0x08000554                HAL_NVIC_SystemReset
                0x08000570                HAL_SYSTICK_Config
                0x080005a4                HAL_NVIC_GetPriority
                0x080005e0                HAL_NVIC_SetPendingIRQ
                0x080005f8                HAL_NVIC_GetPendingIRQ
                0x08000614                HAL_NVIC_ClearPendingIRQ
                0x08000630                HAL_SYSTICK_CLKSourceConfig
                0x0800064c                HAL_SYSTICK_Callback
                0x0800064e                HAL_SYSTICK_IRQHandler
 .text          0x08000658      0x860 /tmp/cci19hQT.o
                0x08000658                HAL_RCC_DeInit
                0x0800071c                HAL_RCC_OscConfig
                0x08000bbc                HAL_RCC_MCOConfig
                0x08000c10                HAL_RCC_EnableCSS
                0x08000c24                HAL_RCC_DisableCSS
                0x08000c38                HAL_RCC_GetSysClockFreq
                0x08000ca0                HAL_RCC_ClockConfig
                0x08000db4                HAL_RCC_GetHCLKFreq
                0x08000dc0                HAL_RCC_GetPCLK1Freq
                0x08000de0                HAL_RCC_GetOscConfig
                0x08000e60                HAL_RCC_GetClockConfig
                0x08000e98                HAL_RCC_CSSCallback
                0x08000e9a                HAL_RCC_NMI_IRQHandler
 .text          0x08000eb8      0x29c /tmp/ccXdEFUH.o
                0x08000eb8                HAL_GPIO_Init
                0x0800101c                HAL_GPIO_DeInit
                0x080010ec                HAL_GPIO_ReadPin
                0x080010f8                HAL_GPIO_WritePin
                0x08001104                HAL_GPIO_TogglePin
                0x08001114                HAL_GPIO_LockPin
                0x0800113c                HAL_GPIO_EXTI_Callback
                0x0800113e                HAL_GPIO_EXTI_IRQHandler
 .text          0x08001154      0x3f4 /tmp/ccyaNzlE.o
                0x08001154                HAL_DMA_Init
                0x080011b8                HAL_DMA_DeInit
                0x0800120c                HAL_DMA_Start
                0x08001268                HAL_DMA_Start_IT
                0x080012e0                HAL_DMA_Abort
                0x0800131c                HAL_DMA_Abort_IT
                0x0800135e                HAL_DMA_PollForTransfer
                0x08001418                HAL_DMA_IRQHandler
                0x080014aa                HAL_DMA_RegisterCallback
                0x080014ec                HAL_DMA_UnRegisterCallback
                0x0800153c                HAL_DMA_GetState
                0x08001544                HAL_DMA_GetError
 .text          0x08001548     0x2860 /tmp/cc2DSaiP.o
                0x08001774                HAL_TIM_Base_MspInit
                0x08001776                HAL_TIM_Base_MspDeInit
                0x08001778                HAL_TIM_Base_DeInit
                0x080017d0                HAL_TIM_Base_Start
                0x08001820                HAL_TIM_Base_Stop
                0x0800184c                HAL_TIM_Base_Start_IT
                0x080018a0                HAL_TIM_Base_Stop_IT
                0x080018d4                HAL_TIM_Base_Start_DMA
                0x08001968                HAL_TIM_Base_Stop_DMA
                0x080019ac                HAL_TIM_OC_MspInit
                0x080019ae                HAL_TIM_OC_MspDeInit
                0x080019b0                HAL_TIM_OC_DeInit
                0x08001a08                HAL_TIM_PWM_MspInit
                0x08001a0a                HAL_TIM_PWM_MspDeInit
                0x08001a0c                HAL_TIM_PWM_DeInit
                0x08001a64                HAL_TIM_IC_MspInit
                0x08001a66                HAL_TIM_IC_MspDeInit
                0x08001a68                HAL_TIM_IC_DeInit
                0x08001ac0                HAL_TIM_OnePulse_MspInit
                0x08001ac2                HAL_TIM_OnePulse_MspDeInit
                0x08001ac4                HAL_TIM_OnePulse_DeInit
                0x08001b14                HAL_TIM_OnePulse_Start
                0x08001bac                HAL_TIM_OnePulse_Stop
                0x08001c34                HAL_TIM_OnePulse_Start_IT
                0x08001cd8                HAL_TIM_OnePulse_Stop_IT
                0x08001d70                HAL_TIM_Encoder_MspInit
                0x08001d72                HAL_TIM_Encoder_MspDeInit
                0x08001d74                HAL_TIM_Encoder_DeInit
                0x08001dc4                HAL_TIM_Encoder_Start
                0x08001e84                HAL_TIM_Encoder_Stop
                0x08001f00                HAL_TIM_Encoder_Start_IT
                0x08001fd2                HAL_TIM_Encoder_Stop_IT
                0x08002078                HAL_TIM_Encoder_Start_DMA
                0x0800225c                HAL_TIM_Encoder_Stop_DMA
                0x08002328                HAL_TIM_DMABurst_MultiWriteStart
                0x0800240c                HAL_TIM_DMABurst_WriteStart
                0x0800241e                HAL_TIM_DMABurst_WriteStop
                0x08002492                HAL_TIM_DMABurst_MultiReadStart
                0x08002578                HAL_TIM_DMABurst_ReadStart
                0x0800258a                HAL_TIM_DMABurst_ReadStop
                0x08002592                HAL_TIM_GenerateEvent
                0x080025b8                HAL_TIM_ConfigTI1Input
                0x080025c8                HAL_TIM_ReadCapturedValue
                0x080025f6                HAL_TIM_PeriodElapsedCallback
                0x08002612                HAL_TIM_PeriodElapsedHalfCpltCallback
                0x0800261e                HAL_TIM_OC_DelayElapsedCallback
                0x08002622                TIM_DMACaptureCplt
                0x08002696                HAL_TIM_IC_CaptureHalfCpltCallback
                0x08002698                TIM_DMACaptureHalfCplt
                0x080026d0                HAL_TIM_PWM_PulseFinishedCallback
                0x08002742                HAL_TIM_PWM_PulseFinishedHalfCpltCallback
                0x08002744                TIM_DMADelayPulseHalfCplt
                0x0800277c                HAL_TIM_TriggerCallback
                0x0800277e                HAL_TIM_IRQHandler
                0x080028d0                HAL_TIM_TriggerHalfCpltCallback
                0x080028dc                HAL_TIM_ErrorCallback
                0x080028de                TIM_DMAError
                0x0800293a                HAL_TIM_Base_GetState
                0x08002942                HAL_TIM_OC_GetState
                0x0800294a                HAL_TIM_PWM_GetState
                0x08002952                HAL_TIM_IC_GetState
                0x0800295a                HAL_TIM_OnePulse_GetState
                0x08002962                HAL_TIM_Encoder_GetState
                0x0800296a                HAL_TIM_GetActiveChannel
                0x0800296e                HAL_TIM_GetChannelState
                0x0800298e                HAL_TIM_DMABurstState
                0x08002996                TIM_Base_SetConfig
                0x08002a20                HAL_TIM_Base_Init
                0x08002a70                HAL_TIM_OC_Init
                0x08002ac0                HAL_TIM_PWM_Init
                0x08002b10                HAL_TIM_IC_Init
                0x08002b60                HAL_TIM_OnePulse_Init
                0x08002bba                HAL_TIM_Encoder_Init
                0x08002c64                TIM_OC2_SetConfig
                0x08002ce0                HAL_TIM_OC_ConfigChannel
                0x08002d2c                HAL_TIM_PWM_ConfigChannel
                0x08002dec                TIM_TI1_SetConfig
                0x08002e5c                HAL_TIM_IC_ConfigChannel
                0x08002f9c                HAL_TIM_OnePulse_ConfigChannel
                0x08003070                TIM_ETR_SetConfig
                0x08003088                HAL_TIM_ConfigOCrefClear
                0x08003184                HAL_TIM_ConfigClockSource
                0x080032f6                HAL_TIM_SlaveConfigSynchro_IT
                0x08003344                HAL_TIM_SlaveConfigSynchro
                0x08003390                TIM_CCxChannelCmd
                0x080033aa                HAL_TIM_OC_Start
                0x0800345c                HAL_TIM_PWM_Start
                0x08003464                HAL_TIM_OC_Stop
                0x080034f0                HAL_TIM_PWM_Stop
                0x080034f8                HAL_TIM_OC_Start_IT
                0x080035c4                HAL_TIM_PWM_Start_IT
                0x080035cc                HAL_TIM_OC_Stop_IT
                0x08003688                HAL_TIM_PWM_Stop_IT
                0x08003690                HAL_TIM_OC_Start_DMA
                0x08003824                HAL_TIM_PWM_Start_DMA
                0x0800382c                HAL_TIM_OC_Stop_DMA
                0x08003918                HAL_TIM_PWM_Stop_DMA
                0x08003920                HAL_TIM_IC_Start
                0x080039b8                HAL_TIM_IC_Stop
                0x08003a1c                HAL_TIM_IC_Start_IT
                0x08003ad4                HAL_TIM_IC_Stop_IT
                0x08003b6c                HAL_TIM_IC_Start_DMA
                0x08003ce8                HAL_TIM_IC_Stop_DMA
 .text          0x08003da8      0xd38 /tmp/ccuUD95K.o
                0x08003e60                HAL_TIMEx_HallSensor_MspInit
                0x08003e62                HAL_TIMEx_HallSensor_Init
                0x08003f24                HAL_TIMEx_HallSensor_MspDeInit
                0x08003f26                HAL_TIMEx_HallSensor_DeInit
                0x08003f74                HAL_TIMEx_HallSensor_Start
                0x0800400c                HAL_TIMEx_HallSensor_Stop
                0x08004050                HAL_TIMEx_HallSensor_Start_IT
                0x080040ec                HAL_TIMEx_HallSensor_Stop_IT
                0x08004138                HAL_TIMEx_HallSensor_Start_DMA
                0x080041e8                HAL_TIMEx_HallSensor_Stop_DMA
                0x0800423c                HAL_TIMEx_OCN_Start
                0x080042b0                HAL_TIMEx_OCN_Stop
                0x0800431c                HAL_TIMEx_OCN_Start_IT
                0x080043c0                HAL_TIMEx_OCN_Stop_IT
                0x08004454                HAL_TIMEx_OCN_Start_DMA
                0x080045a8                HAL_TIMEx_OCN_Stop_DMA
                0x08004654                HAL_TIMEx_PWMN_Start
                0x0800465c                HAL_TIMEx_PWMN_Stop
                0x08004664                HAL_TIMEx_PWMN_Start_IT
                0x0800466c                HAL_TIMEx_PWMN_Stop_IT
                0x08004674                HAL_TIMEx_PWMN_Start_DMA
                0x0800467c                HAL_TIMEx_PWMN_Stop_DMA
                0x08004684                HAL_TIMEx_OnePulseN_Start
                0x08004706                HAL_TIMEx_OnePulseN_Stop
                0x08004774                HAL_TIMEx_OnePulseN_Start_IT
                0x08004802                HAL_TIMEx_OnePulseN_Stop_IT
                0x08004880                HAL_TIMEx_ConfigCommutEvent
                0x080048e0                HAL_TIMEx_ConfigCommutEvent_IT
                0x08004940                HAL_TIMEx_ConfigCommutEvent_DMA
                0x080049b8                HAL_TIMEx_MasterConfigSynchronization
                0x08004a10                HAL_TIMEx_ConfigBreakDeadTime
                0x08004a74                HAL_TIMEx_RemapConfig
                0x08004a8e                HAL_TIMEx_CommutCallback
                0x08004a90                TIMEx_DMACommutationCplt
                0x08004aa2                HAL_TIMEx_CommutHalfCpltCallback
                0x08004aa4                TIMEx_DMACommutationHalfCplt
                0x08004ab6                HAL_TIMEx_BreakCallback
                0x08004ab8                HAL_TIMEx_HallSensor_GetState
                0x08004ac0                HAL_TIMEx_GetChannelNState
 .text          0x08004ae0     0x1a28 /tmp/cclL4ftB.o
                0x08004bce                HAL_UART_MspInit
                0x08004bd0                HAL_UART_MspDeInit
                0x08004bd2                HAL_UART_DeInit
                0x08004c08                HAL_UART_Transmit_IT
                0x08004c84                HAL_UART_Transmit_DMA
                0x08004d20                HAL_UART_DMAPause
                0x08004da4                HAL_UART_DMAResume
                0x08004e20                HAL_UART_DMAStop
                0x08004ed4                HAL_UART_Abort
                0x08004fc8                HAL_UART_AbortTransmit
                0x08005030                HAL_UART_AbortReceive
                0x080050e0                HAL_UART_TxCpltCallback
                0x0800512c                HAL_UART_TxHalfCpltCallback
                0x08005138                HAL_UART_RxCpltCallback
                0x0800513a                HAL_UART_RxHalfCpltCallback
                0x0800513c                HAL_UART_ErrorCallback
                0x080051a0                HAL_UART_AbortCpltCallback
                0x080051a2                HAL_UART_Abort_IT
                0x0800533c                HAL_UART_AbortTransmitCpltCallback
                0x0800533e                HAL_UART_AbortTransmit_IT
                0x080053ba                HAL_UART_AbortReceiveCpltCallback
                0x080053bc                HAL_UART_AbortReceive_IT
                0x080054a2                HAL_UARTEx_RxEventCallback
                0x080054a4                HAL_UART_IRQHandler
                0x08005a00                HAL_UART_ReceiverTimeout_Config
                0x08005a0e                HAL_UART_EnableReceiverTimeout
                0x08005a3c                HAL_UART_DisableReceiverTimeout
                0x08005a6c                HAL_MultiProcessor_EnterMuteMode
                0x08005a78                HAL_HalfDuplex_EnableTransmitter
                0x08005ac6                HAL_HalfDuplex_EnableReceiver
                0x08005b14                HAL_LIN_SendBreak
                0x08005b3c                HAL_UART_GetState
                0x08005b46                HAL_UART_GetError
                0x08005b4c                UART_SetConfig
                0x08005c7c                UART_AdvFeatureConfig
                0x08005d4c                UART_WaitOnFlagUntilTimeout
                0x08005ddc                HAL_UART_Transmit
                0x08005eb4                HAL_UART_Receive
                0x08005fc0                UART_CheckIdleState
                0x08006080                HAL_UART_Init
                0x080060e4                HAL_HalfDuplex_Init
                0x08006150                HAL_LIN_Init
                0x080061dc                HAL_MultiProcessor_Init
                0x08006268                HAL_MultiProcessor_EnableMuteMode
                0x080062a4                HAL_MultiProcessor_DisableMuteMode
                0x080062e4                UART_Start_Receive_IT
                0x080063a8                HAL_UART_Receive_IT
                0x08006404                UART_Start_Receive_DMA
                0x080064ac                HAL_UART_Receive_DMA
 .text          0x08006508        0xc /usr/lib/gcc/arm-none-eabi/13.2.1/../../../arm-none-eabi/lib/thumb/v6-m/nofp/libc.a(libc_a-errno.o)
                0x08006508                __errno
 .text          0x08006514      0x258 /usr/lib/gcc/arm-none-eabi/13.2.1/../../../arm-none-eabi/lib/thumb/v6-m/nofp/libc.a(libc_a-findfp.o)
                0x08006670                __sfp
                0x08006710                __sinit
                0x08006734                __sfp_lock_acquire
                0x08006738                __sfp_lock_release
                0x0800673c                __fp_lock_all
                0x08006754                __fp_unlock_all
 .text          0x0800676c       0x40 /usr/lib/gcc/arm-none-eabi/13.2.1/../../../arm-none-eabi/lib/thumb/v6-m/nofp/libc.a(libc_a-printf.o)
                0x0800676c                _printf_r
                0x08006788                printf
 .text          0x080067ac       0xa8 /usr/lib/gcc/arm-none-eabi/13.2.1/../../../arm-none-eabi/lib/thumb/v6-m/nofp/libc.a(libc_a-memset.o)
                0x080067ac                memset
 .text          0x08006854       0x44 /usr/lib/gcc/arm-none-eabi/13.2.1/../../../arm-none-eabi/lib/thumb/v6-m/nofp/libc.a(libc_a-fwalk.o)
                0x08006854                _fwalk_sglue
 .text          0x08006898     0x1540 /usr/lib/gcc/arm-none-eabi/13.2.1/../../../arm-none-eabi/lib/thumb/v6-m/nofp/libc.a(libc_a-vfprintf.o)
                0x08006898                _vfprintf_r
                0x08007d4c                vfprintf
 .text          0x08007dd8      0x1c4 /usr/lib/gcc/arm-none-eabi/13.2.1/../../../arm-none-eabi/lib/thumb/v6-m/nofp/libc.a(libc_a-fflush.o)
                0x08007dd8                __sflush_r
                0x08007f20                _fflush_r
                0x08007f4c                fflush
 .text          0x08007f9c      0x5b4 /usr/lib/gcc/arm-none-eabi/13.2.1/../../../arm-none-eabi/lib/thumb/v6-m/nofp/libc.a(libc_a-mallocr.o)
                0x08007f9c                _malloc_r
 .text          0x08008550     0x110c /usr/lib/gcc/arm-none-eabi/13.2.1/../../../arm-none-eabi/lib/thumb/v6-m/nofp/libc.a(libc_a-dtoa.o)
                0x080086a4                _dtoa_r
 .text          0x0800965c       0xcc /usr/lib/gcc/arm-none-eabi/13.2.1/../../../arm-none-eabi/lib/thumb/v6-m/nofp/libc.a(libc_a-wsetup.o)
                0x0800965c                __swsetup_r
 .text          0x08009728      0x288 /usr/lib/gcc/arm-none-eabi/13.2.1/../../../arm-none-eabi/lib/thumb/v6-m/nofp/libc.a(libc_a-freer.o)
                0x08009728                _malloc_trim_r
                0x080097dc                _free_r
 .text          0x080099b0       0xa4 /usr/lib/gcc/arm-none-eabi/13.2.1/../../../arm-none-eabi/lib/thumb/v6-m/nofp/libc.a(libc_a-fclose.o)
                0x080099b0                _fclose_r
                0x08009a40                fclose
 .text          0x08009a54       0x1c /usr/lib/gcc/arm-none-eabi/13.2.1/../../../arm-none-eabi/lib/thumb/v6-m/nofp/libc.a(libc_a-sysconf.o)
                0x08009a54                sysconf
 .text          0x08009a70       0xa8 /usr/lib/gcc/arm-none-eabi/13.2.1/../../../arm-none-eabi/lib/thumb/v6-m/nofp/libc.a(libc_a-stdio.o)
                0x08009a70                __sread
                0x08009a98                __seofread
                0x08009a9c                __swrite
                0x08009adc                __sseek
                0x08009b0c                __sclose
 .text          0x08009b18       0x28 /usr/lib/gcc/arm-none-eabi/13.2.1/../../../arm-none-eabi/lib/thumb/v6-m/nofp/libc.a(libc_a-writer.o)
                0x08009b18                _write_r
 .text          0x08009b40        0x8 /usr/lib/gcc/arm-none-eabi/13.2.1/../../../arm-none-eabi/lib/thumb/v6-m/nofp/libc.a(libc_a-mlock.o)
                0x08009b40                __malloc_lock
                0x08009b44                __malloc_unlock
 .text          0x08009b48       0x5c /usr/lib/gcc/arm-none-eabi/13.2.1/../../../arm-none-eabi/lib/thumb/v6-m/nofp/libc.a(libc_a-strlen-stub.o)
                0x08009b48                strlen
 .text          0x08009ba4       0x24 /usr/lib/gcc/arm-none-eabi/13.2.1/../../../arm-none-eabi/lib/thumb/v6-m/nofp/libc.a(libc_a-sbrkr.o)
                0x08009ba4                _sbrk_r
 .text          0x08009bc8       0x24 /usr/lib/gcc/arm-none-eabi/13.2.1/../../../arm-none-eabi/lib/thumb/v6-m/nofp/libc.a(libc_a-closer.o)
                0x08009bc8                _close_r
 .text          0x08009bec       0x20 /usr/lib/gcc/arm-none-eabi/13.2.1/../../../arm-none-eabi/lib/thumb/v6-m/nofp/libc.a(libc_a-sprint_r.o)
                0x08009bec                __sprint_r
 .text          0x08009c0c       0x4c /usr/lib/gcc/arm-none-eabi/13.2.1/../../../arm-none-eabi/lib/thumb/v6-m/nofp/libc.a(libc_a-assert.o)
                0x08009c0c                __assert_func
                0x08009c4c                __assert
 .text          0x08009c58      0xb18 /usr/lib/gcc/arm-none-eabi/13.2.1/../../../arm-none-eabi/lib/thumb/v6-m/nofp/libc.a(libc_a-mprec.o)
                0x08009c58                _Balloc
                0x08009ca8                _Bfree
                0x08009cbc                __multadd
                0x08009d64                __s2b
                0x08009e14                __hi0bits
                0x08009e60                __lo0bits
                0x08009ebc                __i2b
                0x08009f1c                __multiply
                0x0800a0c8                __pow5mult
                0x0800a198                __lshift
                0x0800a294                __mcmp
                0x0800a2d0                __mdiff
                0x0800a484                __ulp
                0x0800a4c4                __b2d
                0x0800a57c                __d2b
                0x0800a648                __ratio
                0x0800a6b0                _mprec_log10
                0x0800a6e4                __copybits
                0x0800a724                __any_on
 .text          0x0800a770       0x74 /usr/lib/gcc/arm-none-eabi/13.2.1/../../../arm-none-eabi/lib/thumb/v6-m/nofp/libc.a(libc_a-memchr-stub.o)
                0x0800a770                memchr
 .text          0x0800a7e4       0x14 /usr/lib/gcc/arm-none-eabi/13.2.1/../../../arm-none-eabi/lib/thumb/v6-m/nofp/libc.a(libc_a-localeconv.o)
                0x0800a7e4                __localeconv_l
                0x0800a7e8                _localeconv_r
                0x0800a7f0                localeconv
 .text          0x0800a7f8      0x138 /usr/lib/gcc/arm-none-eabi/13.2.1/../../../arm-none-eabi/lib/thumb/v6-m/nofp/libc.a(libc_a-makebuf.o)
                0x0800a7f8                __smakebuf_r
                0x0800a8d8                __swhatbuf_r
 .text          0x0800a930       0x44 /usr/lib/gcc/arm-none-eabi/13.2.1/../../../arm-none-eabi/lib/thumb/v6-m/nofp/libc.a(libc_a-mbtowc_r.o)
                0x0800a930                _mbtowc_r
                0x0800a948                __ascii_mbtowc
 .text          0x0800a974       0x10 /usr/lib/gcc/arm-none-eabi/13.2.1/../../../arm-none-eabi/lib/thumb/v6-m/nofp/libc.a(libc_a-abort.o)
                0x0800a974                abort
 .text          0x0800a984       0xa8 /usr/lib/gcc/arm-none-eabi/13.2.1/../../../arm-none-eabi/lib/thumb/v6-m/nofp/libc.a(libc_a-callocr.o)
                0x0800a984                _calloc_r
 .text          0x0800aa2c       0x28 /usr/lib/gcc/arm-none-eabi/13.2.1/../../../arm-none-eabi/lib/thumb/v6-m/nofp/libc.a(libc_a-readr.o)
                0x0800aa2c                _read_r
 .text          0x0800aa54       0x3c /usr/lib/gcc/arm-none-eabi/13.2.1/../../../arm-none-eabi/lib/thumb/v6-m/nofp/libc.a(libc_a-fiprintf.o)
                0x0800aa54                _fiprintf_r
                0x0800aa6c                fiprintf
 .text          0x0800aa90       0x8c /usr/lib/gcc/arm-none-eabi/13.2.1/../../../arm-none-eabi/lib/thumb/v6-m/nofp/libc.a(libc_a-memcpy-stub.o)
                0x0800aa90                memcpy
 .text          0x0800ab1c       0x2c /usr/lib/gcc/arm-none-eabi/13.2.1/../../../arm-none-eabi/lib/thumb/v6-m/nofp/libc.a(libc_a-wctomb_r.o)
                0x0800ab1c                _wctomb_r
                0x0800ab2c                __ascii_wctomb
 .text          0x0800ab48       0x28 /usr/lib/gcc/arm-none-eabi/13.2.1/../../../arm-none-eabi/lib/thumb/v6-m/nofp/libc.a(libc_a-lseekr.o)
                0x0800ab48                _lseek_r
 .text          0x0800ab70       0x28 /usr/lib/gcc/arm-none-eabi/13.2.1/../../../arm-none-eabi/lib/thumb/v6-m/nofp/libc.a(libc_a-fstatr.o)
                0x0800ab70                _fstat_r
 .text          0x0800ab98       0x24 /usr/lib/gcc/arm-none-eabi/13.2.1/../../../arm-none-eabi/lib/thumb/v6-m/nofp/libc.a(libc_a-isattyr.o)
                0x0800ab98                _isatty_r
 .text          0x0800abbc      0x310 /usr/lib/gcc/arm-none-eabi/13.2.1/../../../arm-none-eabi/lib/thumb/v6-m/nofp/libc.a(libc_a-fvwrite.o)
                0x0800abbc                __sfvwrite_r
 .text          0x0800aecc      0x284 /usr/lib/gcc/arm-none-eabi/13.2.1/../../../arm-none-eabi/lib/thumb/v6-m/nofp/libc.a(libc_a-signal.o)
                0x0800aecc                _init_signal_r
                0x0800af00                _signal_r
                0x0800af48                _raise_r
                0x0800afa0                __sigtramp_r
                0x0800b000                raise
                0x0800b05c                signal
                0x0800b0ac                _init_signal
                0x0800b0e8                __sigtramp
 .text          0x0800b150       0x30 /usr/lib/gcc/arm-none-eabi/13.2.1/../../../arm-none-eabi/lib/thumb/v6-m/nofp/libc.a(libc_a-signalr.o)
                0x0800b150                _kill_r
                0x0800b178                _getpid_r
 .text          0x0800b180       0xb0 /usr/lib/gcc/arm-none-eabi/13.2.1/../../../arm-none-eabi/lib/thumb/v6-m/nofp/libc.a(libc_a-memmove.o)
                0x0800b180                memmove
 .text          0x0800b230      0xb2c /usr/lib/gcc/arm-none-eabi/13.2.1/../../../arm-none-eabi/lib/thumb/v6-m/nofp/libc.a(libc_a-vfiprintf.o)
                0x0800b230                _vfiprintf_r
                0x0800bcd0                vfiprintf
 .text          0x0800bd5c      0x350 /usr/lib/gcc/arm-none-eabi/13.2.1/../../../arm-none-eabi/lib/thumb/v6-m/nofp/libc.a(libc_a-reallocr.o)
                0x0800bd5c                _realloc_r
 .text          0x0800c0ac       0x14 /usr/lib/gcc/arm-none-eabi/13.2.1/thumb/v6-m/nofp/libgcc.a(_thumb1_case_uqi.o)
                0x0800c0ac                __gnu_thumb1_case_uqi
 .text          0x0800c0c0      0x114 /usr/lib/gcc/arm-none-eabi/13.2.1/thumb/v6-m/nofp/libgcc.a(_udivsi3.o)
                0x0800c0c0                __udivsi3
                0x0800c0c0                __aeabi_uidiv
                0x0800c1cc                __aeabi_uidivmod
 .text          0x0800c1d4      0x1d4 /usr/lib/gcc/arm-none-eabi/13.2.1/thumb/v6-m/nofp/libgcc.a(_divsi3.o)
                0x0800c1d4                __aeabi_idiv
                0x0800c1d4                __divsi3
                0x0800c3a0                __aeabi_idivmod
 .text          0x0800c3a8        0x4 /usr/lib/gcc/arm-none-eabi/13.2.1/thumb/v6-m/nofp/libgcc.a(_dvmd_tls.o)
                0x0800c3a8                __aeabi_ldiv0
                0x0800c3a8                __aeabi_idiv0
 .text          0x0800c3ac       0x7c /usr/lib/gcc/arm-none-eabi/13.2.1/thumb/v6-m/nofp/libgcc.a(_arm_cmpdf2.o)
                0x0800c3ac                __aeabi_cdrcmple
                0x0800c3bc                __aeabi_cdcmple
                0x0800c3bc                __aeabi_cdcmpeq
                0x0800c3cc                __aeabi_dcmpeq
                0x0800c3d8                __aeabi_dcmplt
                0x0800c3ec                __aeabi_dcmple
                0x0800c400                __aeabi_dcmpgt
                0x0800c414                __aeabi_dcmpge
 .text          0x0800c428       0x40 /usr/lib/gcc/arm-none-eabi/13.2.1/thumb/v6-m/nofp/libgcc.a(_aeabi_uldivmod.o)
                0x0800c428                __aeabi_uldivmod
 .text          0x0800c468      0x198 /usr/lib/gcc/arm-none-eabi/13.2.1/thumb/v6-m/nofp/libgcc.a(_udivmoddi4.o)
                0x0800c468                __udivmoddi4
 .text          0x0800c600      0x730 /usr/lib/gcc/arm-none-eabi/13.2.1/thumb/v6-m/nofp/libgcc.a(adddf3.o)
                0x0800c600                __aeabi_dadd
 .text          0x0800cd30      0x604 /usr/lib/gcc/arm-none-eabi/13.2.1/thumb/v6-m/nofp/libgcc.a(divdf3.o)
                0x0800cd30                __aeabi_ddiv
 .text          0x0800d334       0x88 /usr/lib/gcc/arm-none-eabi/13.2.1/thumb/v6-m/nofp/libgcc.a(eqdf2.o)
                0x0800d334                __eqdf2
                0x0800d334                __nedf2
 .text          0x0800d3bc       0xe0 /usr/lib/gcc/arm-none-eabi/13.2.1/thumb/v6-m/nofp/libgcc.a(gedf2.o)
                0x0800d3bc                __gtdf2
                0x0800d3bc                __gedf2
 .text          0x0800d49c       0xdc /usr/lib/gcc/arm-none-eabi/13.2.1/thumb/v6-m/nofp/libgcc.a(ledf2.o)
                0x0800d49c                __ltdf2
                0x0800d49c                __ledf2
 .text          0x0800d578      0x598 /usr/lib/gcc/arm-none-eabi/13.2.1/thumb/v6-m/nofp/libgcc.a(muldf3.o)
                0x0800d578                __aeabi_dmul
 .text          0x0800db10      0x710 /usr/lib/gcc/arm-none-eabi/13.2.1/thumb/v6-m/nofp/libgcc.a(subdf3.o)
                0x0800db10                __aeabi_dsub
 .text          0x0800e220       0x44 /usr/lib/gcc/arm-none-eabi/13.2.1/thumb/v6-m/nofp/libgcc.a(unorddf2.o)
                0x0800e220                __aeabi_dcmpun
 .text          0x0800e264       0x78 /usr/lib/gcc/arm-none-eabi/13.2.1/thumb/v6-m/nofp/libgcc.a(fixdfsi.o)
                0x0800e264                __aeabi_d2iz
 .text          0x0800e2dc       0x5c /usr/lib/gcc/arm-none-eabi/13.2.1/thumb/v6-m/nofp/libgcc.a(floatsidf.o)
                0x0800e2dc                __aeabi_i2d
 .text          0x0800e338       0x48 /usr/lib/gcc/arm-none-eabi/13.2.1/thumb/v6-m/nofp/libgcc.a(floatunsidf.o)
                0x0800e338                __aeabi_ui2d
 .text          0x0800e380       0x3c /usr/lib/gcc/arm-none-eabi/13.2.1/thumb/v6-m/nofp/libgcc.a(_clzsi2.o)
                0x0800e380                __clzsi2
 .text          0x0800e3bc       0x18 /usr/lib/gcc/arm-none-eabi/13.2.1/thumb/v6-m/nofp/libgcc.a(_clzdi2.o)
                0x0800e3bc                __clzdi2
 *(.text*)
 .text.startup  0x0800e3d4       0x18 /tmp/cc3bdIny.o
                0x0800e3d4                main
 .text.Reset_Handler
                0x0800e3ec       0x4c /tmp/ccubtuG9.o
                0x0800e3ec                Reset_Handler
 .text.Default_Handler
                0x0800e438        0x2 /tmp/ccubtuG9.o
                0x0800e438                TIM1_CC_IRQHandler
                0x0800e438                TSC_IRQHandler
                0x0800e438                HardFault_Handler
                0x0800e438                PendSV_Handler
                0x0800e438                NMI_Handler
                0x0800e438                I2C1_IRQHandler
                0x0800e438                RCC_CRS_IRQHandler
                0x0800e438                SPI1_IRQHandler
                0x0800e438                EXTI2_3_IRQHandler
                0x0800e438                ADC1_IRQHandler
                0x0800e438                TIM17_IRQHandler
                0x0800e438                CEC_CAN_IRQHandler
                0x0800e438                RTC_IRQHandler
                0x0800e438                PVD_VDDIO2_IRQHandler
                0x0800e438                TIM16_IRQHandler
                0x0800e438                TIM3_IRQHandler
                0x0800e438                EXTI4_15_IRQHandler
                0x0800e438                DMA1_Channel1_IRQHandler
                0x0800e438                TIM14_IRQHandler
                0x0800e438                DMA1_Channel4_5_IRQHandler
                0x0800e438                EXTI0_1_IRQHandler
                0x0800e438                USB_IRQHandler
                0x0800e438                SPI2_IRQHandler
                0x0800e438                SVC_Handler
                0x0800e438                WWDG_IRQHandler
                0x0800e438                DMA1_Channel2_3_IRQHandler
                0x0800e438                USART2_IRQHandler
                0x0800e438                FLASH_IRQHandler
                0x0800e438                USART1_IRQHandler
                0x0800e438                TIM1_BRK_UP_TRG_COM_IRQHandler
 *(.glue_7)
 .glue_7        0x0800e43a        0x0 linker stubs
 *(.glue_7t)
 .glue_7t       0x0800e43a        0x0 linker stubs
 *(.eh_frame)
 *(.init)
 *(.fini)
                0x0800e43c                        . = ALIGN (0x4)
 *fill*         0x0800e43a        0x2 
                0x0800e43c                        _etext = .

.vfp11_veneer   0x0800e43c        0x0
 .vfp11_veneer  0x0800e43c        0x0 linker stubs

.v4_bx          0x0800e43c        0x0
 .v4_bx         0x0800e43c        0x0 linker stubs

.iplt           0x0800e43c        0x0
 .iplt          0x0800e43c        0x0 /tmp/cc3bdIny.o

.rodata         0x0800e440      0x704
                0x0800e440                        . = ALIGN (0x4)
 *(.rodata)
 .rodata        0x0800e440       0x28 /tmp/ccwhyIhN.o
 .rodata        0x0800e468       0x18 /tmp/cc5mLwho.o
                0x0800e468                APBPrescTable
                0x0800e470                AHBPrescTable
 .rodata        0x0800e480       0x20 /tmp/cci19hQT.o
 .rodata        0x0800e4a0        0x3 /tmp/cclL4ftB.o
 *fill*         0x0800e4a3        0x1 
 .rodata        0x0800e4a4      0x184 /usr/lib/gcc/arm-none-eabi/13.2.1/../../../arm-none-eabi/lib/thumb/v6-m/nofp/libc.a(libc_a-vfprintf.o)
 .rodata        0x0800e628      0x128 /usr/lib/gcc/arm-none-eabi/13.2.1/../../../arm-none-eabi/lib/thumb/v6-m/nofp/libc.a(libc_a-mprec.o)
                0x0800e638                __mprec_tinytens
                0x0800e660                __mprec_bigtens
                0x0800e688                __mprec_tens
 .rodata        0x0800e750      0x101 /usr/lib/gcc/arm-none-eabi/13.2.1/../../../arm-none-eabi/lib/thumb/v6-m/nofp/libc.a(libc_a-ctype_.o)
                0x0800e750                _ctype_
 *fill*         0x0800e851        0x3 
 .rodata        0x0800e854      0x184 /usr/lib/gcc/arm-none-eabi/13.2.1/../../../arm-none-eabi/lib/thumb/v6-m/nofp/libc.a(libc_a-vfiprintf.o)
 .rodata        0x0800e9d8       0x40 /usr/lib/gcc/arm-none-eabi/13.2.1/thumb/v6-m/nofp/libgcc.a(divdf3.o)
 *(.rodata*)
 .rodata.str1.1
                0x0800ea18       0x17 /tmp/cc3bdIny.o
 *fill*         0x0800ea2f        0x1 
 .rodata.str1.4
                0x0800ea30      0x112 /usr/lib/gcc/arm-none-eabi/13.2.1/../../../arm-none-eabi/lib/thumb/v6-m/nofp/libc.a(libc_a-vfprintf.o)
                                 0x42 (size before relaxing)
 .rodata.str1.4
                0x0800eb42       0x54 /usr/lib/gcc/arm-none-eabi/13.2.1/../../../arm-none-eabi/lib/thumb/v6-m/nofp/libc.a(libc_a-dtoa.o)
 .rodata.str1.4
                0x0800eb42       0x43 /usr/lib/gcc/arm-none-eabi/13.2.1/../../../arm-none-eabi/lib/thumb/v6-m/nofp/libc.a(libc_a-assert.o)
 .rodata.str1.4
                0x0800eb42       0x41 /usr/lib/gcc/arm-none-eabi/13.2.1/../../../arm-none-eabi/lib/thumb/v6-m/nofp/libc.a(libc_a-mprec.o)
 .rodata.str1.4
                0x0800eb42       0x12 /usr/lib/gcc/arm-none-eabi/13.2.1/../../../arm-none-eabi/lib/thumb/v6-m/nofp/libc.a(libc_a-locale.o)
 .rodata.str1.4
                0x0800eb42       0x2f /usr/lib/gcc/arm-none-eabi/13.2.1/../../../arm-none-eabi/lib/thumb/v6-m/nofp/libc.a(libc_a-vfiprintf.o)
                0x0800eb98                        . = ALIGN (0x4)
 *fill*         0x0800eb42        0x2 

.ARM.extab      0x0800eb44        0x0
                0x0800eb44                        . = ALIGN (0x4)
 *(.ARM.extab* .gnu.linkonce.armextab.*)
                0x0800eb44                        . = ALIGN (0x4)

.ARM            0x0800eb44        0x8
                0x0800eb44                        . = ALIGN (0x4)
                0x0800eb44                        __exidx_start = .
 *(.ARM.exidx*)
 .ARM.exidx     0x0800eb44        0x8 /usr/lib/gcc/arm-none-eabi/13.2.1/thumb/v6-m/nofp/libgcc.a(_udivmoddi4.o)
                0x0800eb4c                        __exidx_end = .
                0x0800eb4c                        . = ALIGN (0x4)

.rel.dyn        0x0800eb4c        0x0
 .rel.iplt      0x0800eb4c        0x0 /tmp/cc3bdIny.o

.preinit_array  0x0800eb4c        0x0
                0x0800eb4c                        . = ALIGN (0x4)
                [!provide]                        PROVIDE (__preinit_array_start = .)
 *(.preinit_array*)
                [!provide]                        PROVIDE (__preinit_array_end = .)
                0x0800eb4c                        . = ALIGN (0x4)

.init_array     0x0800eb4c        0x0
                0x0800eb4c                        . = ALIGN (0x4)
                [!provide]                        PROVIDE (__init_array_start = .)
 *(SORT_BY_NAME(.init_array.*))
 *(.init_array*)
                [!provide]                        PROVIDE (__init_array_end = .)
                0x0800eb4c                        . = ALIGN (0x4)

.fini_array     0x0800eb4c        0x0
                0x0800eb4c                        . = ALIGN (0x4)
                [!provide]                        PROVIDE (__fini_array_start = .)
 *(SORT_BY_NAME(.fini_array.*))
 *(.fini_array*)
                [!provide]                        PROVIDE (__fini_array_end = .)
                0x0800eb4c                        . = ALIGN (0x4)
                0x0800eb4c                        _sidata = LOADADDR (.data)

.data           0x20000000      0x6c4 load address 0x0800eb4c
                0x20000000                        . = ALIGN (0x4)
                0x20000000                        _sdata = .
 *(.data)
 .data          0x20000000        0x4 /tmp/cc5mLwho.o
                0x20000000                SystemCoreClock
 .data          0x20000004        0x8 /tmp/ccvuhzoV.o
                0x20000004                uwTickFreq
                0x20000008                uwTickPrio
 *fill*         0x2000000c        0x4 
 .data          0x20000010      0x128 /usr/lib/gcc/arm-none-eabi/13.2.1/../../../arm-none-eabi/lib/thumb/v6-m/nofp/libc.a(libc_a-impure.o)
                0x20000010                _impure_ptr
                0x20000018                _impure_data
 .data          0x20000138        0xc /usr/lib/gcc/arm-none-eabi/13.2.1/../../../arm-none-eabi/lib/thumb/v6-m/nofp/libc.a(libc_a-findfp.o)
                0x20000138                __sglue
 *fill*         0x20000144        0x4 
 .data          0x20000148      0x410 /usr/lib/gcc/arm-none-eabi/13.2.1/../../../arm-none-eabi/lib/thumb/v6-m/nofp/libc.a(libc_a-mallocr.o)
                0x20000148                __malloc_sbrk_base
                0x2000014c                __malloc_trim_threshold
                0x20000150                __malloc_av_
 .data          0x20000558      0x16c /usr/lib/gcc/arm-none-eabi/13.2.1/../../../arm-none-eabi/lib/thumb/v6-m/nofp/libc.a(libc_a-locale.o)
                0x20000558                __global_locale
 *(.data*)
 *(.RamFunc)
 *(.RamFunc*)
                0x200006c4                        . = ALIGN (0x4)
                0x200006c4                        _edata = .

.igot.plt       0x200006c4        0x0 load address 0x0800f210
 .igot.plt      0x200006c4        0x0 /tmp/cc3bdIny.o
                0x200006c4                        . = ALIGN (0x4)

.bss            0x200006c4      0x250 load address 0x0800f210
                0x200006c4                        _sbss = .
                0x200006c4                        __bss_start__ = _sbss
 *(.bss)
 .bss           0x200006c4       0xd0 /tmp/ccwhyIhN.o
                0x200006c4                htim2
                0x2000070c                huart2
 .bss           0x20000794        0x8 /tmp/cc1h2xe8.o
                0x20000798                __env
 .bss           0x2000079c        0x4 /tmp/ccvuhzoV.o
                0x2000079c                uwTick
 .bss           0x200007a0      0x13c /usr/lib/gcc/arm-none-eabi/13.2.1/../../../arm-none-eabi/lib/thumb/v6-m/nofp/libc.a(libc_a-findfp.o)
                0x200007a0                __stdio_exit_handler
                0x200007a4                __sf
 .bss           0x200008dc       0x34 /usr/lib/gcc/arm-none-eabi/13.2.1/../../../arm-none-eabi/lib/thumb/v6-m/nofp/libc.a(libc_a-mallocr.o)
                0x200008dc                __malloc_top_pad
                0x200008e0                __malloc_current_mallinfo
                0x20000908                __malloc_max_sbrked_mem
                0x2000090c                __malloc_max_total_mem
 .bss           0x20000910        0x4 /usr/lib/gcc/arm-none-eabi/13.2.1/../../../arm-none-eabi/lib/thumb/v6-m/nofp/libc.a(libc_a-reent.o)
                0x20000910                errno
 *(.bss*)
 *(COMMON)
                0x20000914                        . = ALIGN (0x4)
                0x20000914                        _ebss = .
                0x20000914                        __bss_end__ = _ebss

._user_heap_stack
                0x20000914      0x604 load address 0x0800f210
                0x20000918                        . = ALIGN (0x8)
 *fill*         0x20000914        0x4 
                [!provide]                        PROVIDE (end = .)
                0x20000918                        PROVIDE (_end = .)
                0x20000b18                        . = (. + _Min_Heap_Size)
 *fill*         0x20000918      0x200 
                0x20000f18                        . = (. + _Min_Stack_Size)
 *fill*         0x20000b18      0x400 
                0x20000f18                        . = ALIGN (0x8)

/DISCARD/
 libc.a(*)
 libm.a(*)
 libgcc.a(*)

.ARM.attributes
                0x00000000       0x2a
 *(.ARM.attributes)
 .ARM.attributes
                0x00000000       0x2c /tmp/cc3bdIny.o
 .ARM.attributes
                0x0000002c       0x2c /tmp/ccwhyIhN.o
 .ARM.attributes
                0x00000058       0x1c /tmp/ccubtuG9.o
 .ARM.attributes
                0x00000074       0x2c /tmp/cc5mLwho.o
 .ARM.attributes
                0x000000a0       0x2c /tmp/cc1h2xe8.o
 .ARM.attributes
                0x000000cc       0x2c /tmp/ccvuhzoV.o
 .ARM.attributes
                0x000000f8       0x2c /tmp/ccCI2awl.o
 .ARM.attributes
                0x00000124       0x2c /tmp/cci19hQT.o
 .ARM.attributes
                0x00000150       0x2c /tmp/ccXdEFUH.o
 .ARM.attributes
                0x0000017c       0x2c /tmp/ccyaNzlE.o
 .ARM.attributes
                0x000001a8       0x2c /tmp/cc2DSaiP.o
 .ARM.attributes
                0x000001d4       0x2c /tmp/ccuUD95K.o
 .ARM.attributes
                0x00000200       0x2c /tmp/cclL4ftB.o
OUTPUT(example.elf elf32-littlearm)
LOAD linker stubs
LOAD /usr/lib/gcc/arm-none-eabi/13.2.1/../../../arm-none-eabi/lib/thumb/v6-m/nofp/libc.a
LOAD /usr/lib/gcc/arm-none-eabi/13.2.1/../../../arm-none-eabi/lib/thumb/v6-m/nofp/libm.a
LOAD /usr/lib/gcc/arm-none-eabi/13.2.1/thumb/v6-m/nofp/libgcc.a

.debug_info     0x00000000     0xf29a
 .debug_info    0x00000000      0xb0d /tmp/cc3bdIny.o
 .debug_info    0x00000b0d      0xea5 /tmp/ccwhyIhN.o
 .debug_info    0x000019b2       0x23 /tmp/ccubtuG9.o
 .debug_info    0x000019d5      0x140 /tmp/cc5mLwho.o
 .debug_info    0x00001b15      0x87a /tmp/cc1h2xe8.o
 .debug_info    0x0000238f      0x775 /tmp/ccvuhzoV.o
 .debug_info    0x00002b04      0x814 /tmp/ccCI2awl.o
 .debug_info    0x00003318      0xa4f /tmp/cci19hQT.o
 .debug_info    0x00003d67      0x5d4 /tmp/ccXdEFUH.o
 .debug_info    0x0000433b      0x853 /tmp/ccyaNzlE.o
 .debug_info    0x00004b8e     0x3f13 /tmp/cc2DSaiP.o
 .debug_info    0x00008aa1     0x18bd /tmp/ccuUD95K.o
 .debug_info    0x0000a35e     0x4f3c /tmp/cclL4ftB.o

.debug_abbrev   0x00000000     0x1e9e
 .debug_abbrev  0x00000000      0x249 /tmp/cc3bdIny.o
 .debug_abbrev  0x00000249      0x214 /tmp/ccwhyIhN.o
 .debug_abbrev  0x0000045d       0x12 /tmp/ccubtuG9.o
 .debug_abbrev  0x0000046f       0xc9 /tmp/cc5mLwho.o
 .debug_abbrev  0x00000538      0x234 /tmp/cc1h2xe8.o
 .debug_abbrev  0x0000076c      0x2c7 /tmp/ccvuhzoV.o
 .debug_abbrev  0x00000a33      0x29c /tmp/ccCI2awl.o
 .debug_abbrev  0x00000ccf      0x2d8 /tmp/cci19hQT.o
 .debug_abbrev  0x00000fa7      0x202 /tmp/ccXdEFUH.o
 .debug_abbrev  0x000011a9      0x270 /tmp/ccyaNzlE.o
 .debug_abbrev  0x00001419      0x3a2 /tmp/cc2DSaiP.o
 .debug_abbrev  0x000017bb      0x2fc /tmp/ccuUD95K.o
 .debug_abbrev  0x00001ab7      0x3e7 /tmp/cclL4ftB.o

.debug_loclists
                0x00000000     0x7bb4
 .debug_loclists
                0x00000000       0x5a /tmp/cc3bdIny.o
 .debug_loclists
                0x0000005a      0x358 /tmp/cc1h2xe8.o
 .debug_loclists
                0x000003b2       0xb8 /tmp/ccvuhzoV.o
 .debug_loclists
                0x0000046a      0x325 /tmp/ccCI2awl.o
 .debug_loclists
                0x0000078f      0x3f3 /tmp/cci19hQT.o
 .debug_loclists
                0x00000b82      0x276 /tmp/ccXdEFUH.o
 .debug_loclists
                0x00000df8      0x604 /tmp/ccyaNzlE.o
 .debug_loclists
                0x000013fc     0x3773 /tmp/cc2DSaiP.o
 .debug_loclists
                0x00004b6f     0x1075 /tmp/ccuUD95K.o
 .debug_loclists
                0x00005be4     0x1fd0 /tmp/cclL4ftB.o

.debug_aranges  0x00000000      0x1b0
 .debug_aranges
                0x00000000       0x28 /tmp/cc3bdIny.o
 .debug_aranges
                0x00000028       0x20 /tmp/ccwhyIhN.o
 .debug_aranges
                0x00000048       0x28 /tmp/ccubtuG9.o
 .debug_aranges
                0x00000070       0x20 /tmp/cc5mLwho.o
 .debug_aranges
                0x00000090       0x20 /tmp/cc1h2xe8.o
 .debug_aranges
                0x000000b0       0x20 /tmp/ccvuhzoV.o
 .debug_aranges
                0x000000d0       0x20 /tmp/ccCI2awl.o
 .debug_aranges
                0x000000f0       0x20 /tmp/cci19hQT.o
 .debug_aranges
                0x00000110       0x20 /tmp/ccXdEFUH.o
 .debug_aranges
                0x00000130       0x20 /tmp/ccyaNzlE.o
 .debug_aranges
                0x00000150       0x20 /tmp/cc2DSaiP.o
 .debug_aranges
                0x00000170       0x20 /tmp/ccuUD95K.o
 .debug_aranges
                0x00000190       0x20 /tmp/cclL4ftB.o

.debug_rnglists
                0x00000000      0x323
 .debug_rnglists
                0x00000000       0x19 /tmp/cc3bdIny.o
 .debug_rnglists
                0x00000019       0x27 /tmp/ccwhyIhN.o
 .debug_rnglists
                0x00000040       0x19 /tmp/ccubtuG9.o
 .debug_rnglists
                0x00000059       0x13 /tmp/cc1h2xe8.o
 .debug_rnglists
                0x0000006c       0x39 /tmp/ccCI2awl.o
 .debug_rnglists
                0x000000a5       0x31 /tmp/cci19hQT.o
 .debug_rnglists
                0x000000d6       0x21 /tmp/ccXdEFUH.o
 .debug_rnglists
                0x000000f7       0x4c /tmp/ccyaNzlE.o
 .debug_rnglists
                0x00000143      0x103 /tmp/cc2DSaiP.o
 .debug_rnglists
                0x00000246       0xdd /tmp/cclL4ftB.o

.debug_macro    0x00000000    0x18b32
 .debug_macro   0x00000000      0x26e /tmp/cc3bdIny.o
 .debug_macro   0x0000026e      0xab4 /tmp/cc3bdIny.o
 .debug_macro   0x00000d22       0x2e /tmp/cc3bdIny.o
 .debug_macro   0x00000d50       0xf2 /tmp/cc3bdIny.o
 .debug_macro   0x00000e42       0x2e /tmp/cc3bdIny.o
 .debug_macro   0x00000e70       0x22 /tmp/cc3bdIny.o
 .debug_macro   0x00000e92      0x34e /tmp/cc3bdIny.o
 .debug_macro   0x000011e0       0x40 /tmp/cc3bdIny.o
 .debug_macro   0x00001220       0x10 /tmp/cc3bdIny.o
 .debug_macro   0x00001230       0xb4 /tmp/cc3bdIny.o
 .debug_macro   0x000012e4       0x28 /tmp/cc3bdIny.o
 .debug_macro   0x0000130c      0x3a0 /tmp/cc3bdIny.o
 .debug_macro   0x000016ac     0xf209 /tmp/cc3bdIny.o
 .debug_macro   0x000108b5       0x66 /tmp/cc3bdIny.o
 .debug_macro   0x0001091b     0x34da /tmp/cc3bdIny.o
 .debug_macro   0x00013df5      0x190 /tmp/cc3bdIny.o
 .debug_macro   0x00013f85       0x55 /tmp/cc3bdIny.o
 .debug_macro   0x00013fda      0x946 /tmp/cc3bdIny.o
 .debug_macro   0x00014920      0x46b /tmp/cc3bdIny.o
 .debug_macro   0x00014d8b      0x1ae /tmp/cc3bdIny.o
 .debug_macro   0x00014f39      0x130 /tmp/cc3bdIny.o
 .debug_macro   0x00015069      0x1ed /tmp/cc3bdIny.o
 .debug_macro   0x00015256       0x34 /tmp/cc3bdIny.o
 .debug_macro   0x0001528a       0x43 /tmp/cc3bdIny.o
 .debug_macro   0x000152cd       0x28 /tmp/cc3bdIny.o
 .debug_macro   0x000152f5       0xb0 /tmp/cc3bdIny.o
 .debug_macro   0x000153a5      0x182 /tmp/cc3bdIny.o
 .debug_macro   0x00015527      0x8f4 /tmp/cc3bdIny.o
 .debug_macro   0x00015e1b       0x28 /tmp/cc3bdIny.o
 .debug_macro   0x00015e43      0x5ba /tmp/cc3bdIny.o
 .debug_macro   0x000163fd       0x44 /tmp/cc3bdIny.o
 .debug_macro   0x00016441      0x12e /tmp/cc3bdIny.o
 .debug_macro   0x0001656f       0x22 /tmp/cc3bdIny.o
 .debug_macro   0x00016591       0x54 /tmp/cc3bdIny.o
 .debug_macro   0x000165e5       0x24 /tmp/cc3bdIny.o
 .debug_macro   0x00016609       0x94 /tmp/cc3bdIny.o
 .debug_macro   0x0001669d       0x43 /tmp/cc3bdIny.o
 .debug_macro   0x000166e0       0x34 /tmp/cc3bdIny.o
 .debug_macro   0x00016714       0x16 /tmp/cc3bdIny.o
 .debug_macro   0x0001672a       0x57 /tmp/cc3bdIny.o
 .debug_macro   0x00016781       0x3c /tmp/cc3bdIny.o
 .debug_macro   0x000167bd      0x370 /tmp/cc3bdIny.o
 .debug_macro   0x00016b2d       0x10 /tmp/cc3bdIny.o
 .debug_macro   0x00016b3d       0x16 /tmp/cc3bdIny.o
 .debug_macro   0x00016b53       0x4a /tmp/cc3bdIny.o
 .debug_macro   0x00016b9d       0x34 /tmp/cc3bdIny.o
 .debug_macro   0x00016bd1       0x10 /tmp/cc3bdIny.o
 .debug_macro   0x00016be1       0x52 /tmp/cc3bdIny.o
 .debug_macro   0x00016c33       0x8e /tmp/cc3bdIny.o
 .debug_macro   0x00016cc1       0x1c /tmp/cc3bdIny.o
 .debug_macro   0x00016cdd      0x177 /tmp/cc3bdIny.o
 .debug_macro   0x00016e54       0x16 /tmp/cc3bdIny.o
 .debug_macro   0x00016e6a       0x16 /tmp/cc3bdIny.o
 .debug_macro   0x00016e80      0x146 /tmp/cc3bdIny.o
 .debug_macro   0x00016fc6       0x16 /tmp/cc3bdIny.o
 .debug_macro   0x00016fdc      0x26e /tmp/ccwhyIhN.o
 .debug_macro   0x0001724a      0x16c /tmp/cc5mLwho.o
 .debug_macro   0x000173b6      0x255 /tmp/cc1h2xe8.o
 .debug_macro   0x0001760b       0x10 /tmp/cc1h2xe8.o
 .debug_macro   0x0001761b      0x23c /tmp/cc1h2xe8.o
 .debug_macro   0x00017857       0x16 /tmp/cc1h2xe8.o
 .debug_macro   0x0001786d       0x10 /tmp/cc1h2xe8.o
 .debug_macro   0x0001787d       0x10 /tmp/cc1h2xe8.o
 .debug_macro   0x0001788d       0x10 /tmp/cc1h2xe8.o
 .debug_macro   0x0001789d       0x6a /tmp/cc1h2xe8.o
 .debug_macro   0x00017907       0x1c /tmp/cc1h2xe8.o
 .debug_macro   0x00017923       0x52 /tmp/cc1h2xe8.o
 .debug_macro   0x00017975       0x22 /tmp/cc1h2xe8.o
 .debug_macro   0x00017997       0x10 /tmp/cc1h2xe8.o
 .debug_macro   0x000179a7       0x52 /tmp/cc1h2xe8.o
 .debug_macro   0x000179f9       0xcf /tmp/cc1h2xe8.o
 .debug_macro   0x00017ac8       0x1c /tmp/cc1h2xe8.o
 .debug_macro   0x00017ae4       0x3d /tmp/cc1h2xe8.o
 .debug_macro   0x00017b21       0x35 /tmp/cc1h2xe8.o
 .debug_macro   0x00017b56      0x12c /tmp/cc1h2xe8.o
 .debug_macro   0x00017c82       0x16 /tmp/cc1h2xe8.o
 .debug_macro   0x00017c98       0x16 /tmp/cc1h2xe8.o
 .debug_macro   0x00017cae       0x29 /tmp/cc1h2xe8.o
 .debug_macro   0x00017cd7       0x1c /tmp/cc1h2xe8.o
 .debug_macro   0x00017cf3       0x10 /tmp/cc1h2xe8.o
 .debug_macro   0x00017d03      0x190 /tmp/cc1h2xe8.o
 .debug_macro   0x00017e93       0x16 /tmp/cc1h2xe8.o
 .debug_macro   0x00017ea9       0xce /tmp/cc1h2xe8.o
 .debug_macro   0x00017f77      0x190 /tmp/ccvuhzoV.o
 .debug_macro   0x00018107      0x16c /tmp/ccCI2awl.o
 .debug_macro   0x00018273      0x17e /tmp/cci19hQT.o
 .debug_macro   0x000183f1      0x173 /tmp/ccXdEFUH.o
 .debug_macro   0x00018564      0x16c /tmp/ccyaNzlE.o
 .debug_macro   0x000186d0      0x16d /tmp/cc2DSaiP.o
 .debug_macro   0x0001883d      0x16c /tmp/ccuUD95K.o
 .debug_macro   0x000189a9      0x189 /tmp/cclL4ftB.o

.debug_line     0x00000000     0xdaf4
 .debug_line    0x00000000      0x5d2 /tmp/cc3bdIny.o
 .debug_line    0x000005d2      0x652 /tmp/ccwhyIhN.o
 .debug_line    0x00000c24       0x79 /tmp/ccubtuG9.o
 .debug_line    0x00000c9d      0x3f5 /tmp/cc5mLwho.o
 .debug_line    0x00001092      0x56d /tmp/cc1h2xe8.o
 .debug_line    0x000015ff      0x657 /tmp/ccvuhzoV.o
 .debug_line    0x00001c56      0x735 /tmp/ccCI2awl.o
 .debug_line    0x0000238b      0xf7a /tmp/cci19hQT.o
 .debug_line    0x00003305      0x8a4 /tmp/ccXdEFUH.o
 .debug_line    0x00003ba9      0xc53 /tmp/ccyaNzlE.o
 .debug_line    0x000047fc     0x4069 /tmp/cc2DSaiP.o
 .debug_line    0x00008865     0x150b /tmp/ccuUD95K.o
 .debug_line    0x00009d70     0x3d84 /tmp/cclL4ftB.o

.debug_str      0x00000000    0x8f957
 .debug_str     0x00000000    0x8f957 /tmp/cc3bdIny.o
                              0x8af4a (size before relaxing)
 .debug_str     0x0008f957    0x8b21a /tmp/ccwhyIhN.o
 .debug_str     0x0008f957       0x54 /tmp/ccubtuG9.o
 .debug_str     0x0008f957    0x86e2d /tmp/cc5mLwho.o
 .debug_str     0x0008f957     0x9750 /tmp/cc1h2xe8.o
 .debug_str     0x0008f957    0x87470 /tmp/ccvuhzoV.o
 .debug_str     0x0008f957    0x87245 /tmp/ccCI2awl.o
 .debug_str     0x0008f957    0x872e5 /tmp/cci19hQT.o
 .debug_str     0x0008f957    0x87046 /tmp/ccXdEFUH.o
 .debug_str     0x0008f957    0x87264 /tmp/ccyaNzlE.o
 .debug_str     0x0008f957    0x882bb /tmp/cc2DSaiP.o
 .debug_str     0x0008f957    0x87ac7 /tmp/ccuUD95K.o
 .debug_str     0x0008f957    0x87c0d /tmp/cclL4ftB.o

.comment        0x00000000       0x26
 .comment       0x00000000       0x26 /tmp/cc3bdIny.o
                                 0x27 (size before relaxing)
 .comment       0x00000026       0x27 /tmp/ccwhyIhN.o
 .comment       0x00000026       0x27 /tmp/cc5mLwho.o
 .comment       0x00000026       0x27 /tmp/cc1h2xe8.o
 .comment       0x00000026       0x27 /tmp/ccvuhzoV.o
 .comment       0x00000026       0x27 /tmp/ccCI2awl.o
 .comment       0x00000026       0x27 /tmp/cci19hQT.o
 .comment       0x00000026       0x27 /tmp/ccXdEFUH.o
 .comment       0x00000026       0x27 /tmp/ccyaNzlE.o
 .comment       0x00000026       0x27 /tmp/cc2DSaiP.o
 .comment       0x00000026       0x27 /tmp/ccuUD95K.o
 .comment       0x00000026       0x27 /tmp/cclL4ftB.o

.debug_frame    0x00000000     0x1e04
 .debug_frame   0x00000000       0x5c /tmp/cc3bdIny.o
 .debug_frame   0x0000005c       0x48 /tmp/ccwhyIhN.o
 .debug_frame   0x000000a4       0x38 /tmp/cc5mLwho.o
 .debug_frame   0x000000dc      0x190 /tmp/cc1h2xe8.o
 .debug_frame   0x0000026c      0x1b4 /tmp/ccvuhzoV.o
 .debug_frame   0x00000420       0xe0 /tmp/ccCI2awl.o
 .debug_frame   0x00000500      0x148 /tmp/cci19hQT.o
 .debug_frame   0x00000648       0xbc /tmp/ccXdEFUH.o
 .debug_frame   0x00000704      0x160 /tmp/ccyaNzlE.o
 .debug_frame   0x00000864      0xb18 /tmp/cc2DSaiP.o
 .debug_frame   0x0000137c      0x42c /tmp/ccuUD95K.o
 .debug_frame   0x000017a8      0x65c /tmp/cclL4ftB.o

.debug_line_str
                0x00000000       0x48
 .debug_line_str
                0x00000000       0x48 /tmp/ccubtuG9.o
